// Jest Snapshot v1, https://goo.gl/fbAQLP

exports[`components Header match snapshot with enzyme 1`] = `ShallowWrapper {}`;

exports[`components Header matches snapshot 1`] = `
<header
  className="header"
>
  <h1>
    todos
  </h1>
  <input
    autoFocus={true}
    className="new-todo"
    onBlur={[Function]}
    onChange={[Function]}
    onKeyDown={[Function]}
    placeholder="What needs to be done?"
    type="text"
    value=""
  />
</header>
`;
