// Jest Snapshot v1, https://goo.gl/fbAQLP

exports[`components MainSection matches snapshot by shallow 1`] = `ShallowWrapper {}`;
